exports[`Calendar has correct default options 1`] = `
<div
  className="grommetux-calendar">
  <input
    className="grommetux-calendar__input"
    id="item1"
    name="item-1"
    onChange={[Function bound _onInputChange]}
    value="2015-06-03" />
  <button
    aria-label={undefined}
    className="grommetux-button grommetux-calendar__control grommetux-button--plain grommetux-button--icon"
    disabled={false}
    href={undefined}
    id={undefined}
    onClick={[Function bound _onOpen]}
    type="button">
    <span
      className="grommetux-button__icon">
      <svg
        aria-labelledby="calendar-icon-title-id"
        className="grommetux-control-icon grommetux-control-icon-calendar grommetux-control-icon--responsive"
        height="24px"
        role="img"
        version="1.1"
        viewBox="0 0 24 24.2031"
        width="24px">
        <title
          id="calendar-icon-title-id">
          calendar-icon-title
        </title>
        <g>
          <rect
            fill="none"
            height="24"
            width="24"
            y="0.2031" />
          <path
            d="M23,23H1V4h22V23z M2,10h20 M6,4V0 M18,4V0"
            fill="none"
            stroke="#000000"
            strokeMiterlimit="10"
            strokeWidth="2" />
        </g>
      </svg>
    </span>
  </button>
</div>
`;
