exports[`LoginForm has correct default options 1`] = `
<form
  className="grommetux-form grommetux-login-form grommetux-form--pad-medium"
  onSubmit={[Function bound _onSubmit]}>
  <div
    className="grommetux-box grommetux-box--direction-column grommetux-box--align-center grommetux-box--responsive grommetux-box--pad-none"
    id={undefined}
    onClick={undefined}
    role={undefined}
    style={Object {}}
    tabIndex={undefined} />
  <fieldset>
    <div
      className="grommetux-form-field grommetux-form-field--text grommetux-form-field--size-medium"
      onClick={[Function bound _onClick]}>
      <label
        className="grommetux-form-field__label"
        htmlFor="username">
        <span
          id="Email">
          Email
        </span>
      </label>
      <span
        className="grommetux-form-field__contents">
        <input
          onChange={[Function bound _onUsernameChange]}
          type="email"
          value="" />
      </span>
    </div>
    <div
      className="grommetux-form-field grommetux-form-field--text grommetux-form-field--size-medium"
      onClick={[Function bound _onClick]}>
      <label
        className="grommetux-form-field__label"
        htmlFor="password">
        <span
          id="Password">
          Password
        </span>
      </label>
      <span
        className="grommetux-form-field__contents">
        <input
          onChange={[Function bound _onPasswordChange]}
          type="password"
          value="" />
      </span>
    </div>
  </fieldset>
  <footer
    className="grommetux-box grommetux-box--direction-column grommetux-box--align-stretch grommetux-box--pad-vertical-none grommetux-box--pad-between-medium grommetux-footer grommetux-footer--small"
    id={undefined}
    onClick={undefined}
    role={undefined}
    style={Object {}}
    tabIndex={undefined}>
    <button
      aria-label={undefined}
      className="grommetux-button grommetux-button--primary grommetux-button--fill"
      disabled={false}
      href={undefined}
      id={undefined}
      onBlur={[Function onBlur]}
      onClick={[Function bound _onSubmit]}
      onFocus={[Function onFocus]}
      onMouseDown={[Function onMouseDown]}
      onMouseUp={[Function onMouseUp]}
      type="submit">
      <span
        id="Log_In">
        Log In
      </span>
    </button>
  </footer>
</form>
`;
