exports[`Meter has correct default options 1`] = `
<div
  className="grommetux-meter grommetux-meter--bar grommetux-meter--single">
  <div
    className="grommetux-meter__value-container">
    <div
      className="grommetux-meter__graphic-container">
      <svg
        aria-label="Bar Meter. , Value: 40, Max: 100"
        className="grommetux-meter__graphic"
        height={24}
        onBlur={[Function bound _onGraphicBlur]}
        onFocus={[Function bound _onGraphicFocus]}
        preserveAspectRatio="xMidYMid meet"
        role="img"
        tabIndex={undefined}
        viewBox="0 0 192 24"
        width={192}>
        <g
          className="grommetux-meter__tracks">
          <g>
            <path
              className="grommetux-meter__slice"
              d="M0,12 L192,12"
              data-index={0}
              onBlur={[Function bound bound _onActivate]}
              onFocus={[Function bound bound _onActivate]} />
            <path
              className="grommetux-meter__hot"
              d="M0,12 L192,12"
              fill="none"
              onClick={undefined}
              onMouseOut={[Function bound bound _onActivate]}
              onMouseOver={[Function bound bound _onActivate]} />
          </g>
        </g>
        <g
          className="grommetux-meter__values">
          <g
            aria-label="40"
            role={undefined}>
            <path
              className="grommetux-meter__slice grommetux-color-index-graph-1"
              d="M0,12 L77,12"
              data-index={0}
              onBlur={[Function bound bound _onActivate]}
              onFocus={[Function bound bound _onActivate]} />
            <path
              className="grommetux-meter__hot"
              d="M0,12 L77,12"
              fill="none"
              onClick={undefined}
              onMouseOut={[Function bound bound _onActivate]}
              onMouseOver={[Function bound bound _onActivate]} />
          </g>
        </g>
      </svg>
    </div>
  </div>
</div>
`;
