exports[`Tabs has correct default options 1`] = `
<div
  role="tablist">
  <ul
    className="grommetux-tabs grommetux-tabs--justify-center grommetux-tabs--responsive">
    <li
      className="grommetux-tab grommetux-tab--active"
      id="tab-0">
      <button
        aria-label={undefined}
        className="grommetux-button grommetux-button--plain"
        disabled={false}
        href={undefined}
        id={undefined}
        onBlur={[Function onBlur]}
        onClick={[Function bound _onClickTab]}
        onFocus={[Function onFocus]}
        onMouseDown={[Function onMouseDown]}
        onMouseUp={[Function onMouseUp]}
        type="button">
        <label
          className="grommetux-tab__label"
          htmlFor="tab-0">
          Tab Title
        </label>
      </button>
    </li>
    <li
      className="grommetux-tab"
      id="tab-1">
      <button
        aria-label={undefined}
        className="grommetux-button grommetux-button--plain"
        disabled={false}
        href={undefined}
        id={undefined}
        onBlur={[Function onBlur]}
        onClick={[Function bound _onClickTab]}
        onFocus={[Function onFocus]}
        onMouseDown={[Function onMouseDown]}
        onMouseUp={[Function onMouseUp]}
        type="button">
        <label
          className="grommetux-tab__label"
          htmlFor="tab-1">
          Tab Title 2
        </label>
      </button>
    </li>
  </ul>
  <div
    aria-label="Tab Contents"
    role="tabpanel">
    <h1>
      test
    </h1>
  </div>
</div>
`;

exports[`Tabs has correct initialIndex=0 rendering 1`] = `
<div
  role="tablist">
  <ul
    className="grommetux-tabs grommetux-tabs--justify-center grommetux-tabs--responsive">
    <li
      className="grommetux-tab grommetux-tab--active"
      id="tab-0">
      <button
        aria-label={undefined}
        className="grommetux-button grommetux-button--plain"
        disabled={false}
        href={undefined}
        id={undefined}
        onBlur={[Function onBlur]}
        onClick={[Function bound _onClickTab]}
        onFocus={[Function onFocus]}
        onMouseDown={[Function onMouseDown]}
        onMouseUp={[Function onMouseUp]}
        type="button">
        <label
          className="grommetux-tab__label"
          htmlFor="tab-0">
          Tab Title
        </label>
      </button>
    </li>
    <li
      className="grommetux-tab"
      id="tab-1">
      <button
        aria-label={undefined}
        className="grommetux-button grommetux-button--plain"
        disabled={false}
        href={undefined}
        id={undefined}
        onBlur={[Function onBlur]}
        onClick={[Function bound _onClickTab]}
        onFocus={[Function onFocus]}
        onMouseDown={[Function onMouseDown]}
        onMouseUp={[Function onMouseUp]}
        type="button">
        <label
          className="grommetux-tab__label"
          htmlFor="tab-1">
          Tab Title 2
        </label>
      </button>
    </li>
  </ul>
  <div
    aria-label="Tab Contents"
    role="tabpanel">
    <h1>
      test
    </h1>
  </div>
</div>
`;

exports[`Tabs has correct initialIndex=0 rendering 2`] = `
<div
  role="tablist">
  <ul
    className="grommetux-tabs grommetux-tabs--justify-center grommetux-tabs--responsive">
    <li
      className="grommetux-tab"
      id="tab-0">
      <button
        aria-label={undefined}
        className="grommetux-button grommetux-button--plain"
        disabled={false}
        href={undefined}
        id={undefined}
        onBlur={[Function onBlur]}
        onClick={[Function bound _onClickTab]}
        onFocus={[Function onFocus]}
        onMouseDown={[Function onMouseDown]}
        onMouseUp={[Function onMouseUp]}
        type="button">
        <label
          className="grommetux-tab__label"
          htmlFor="tab-0">
          Tab Title
        </label>
      </button>
    </li>
    <li
      className="grommetux-tab grommetux-tab--active"
      id="tab-1">
      <button
        aria-label={undefined}
        className="grommetux-button grommetux-button--plain"
        disabled={false}
        href={undefined}
        id={undefined}
        onBlur={[Function onBlur]}
        onClick={[Function bound _onClickTab]}
        onFocus={[Function onFocus]}
        onMouseDown={[Function onMouseDown]}
        onMouseUp={[Function onMouseUp]}
        type="button">
        <label
          className="grommetux-tab__label"
          htmlFor="tab-1">
          Tab Title 2
        </label>
      </button>
    </li>
  </ul>
  <div
    aria-label="Tab Contents"
    role="tabpanel">
    <h1>
      test 2
    </h1>
  </div>
</div>
`;
