exports[`TextInput has correct default options 1`] = `
<input
  autoComplete="off"
  className="grommetux-text-input grommetux-input"
  defaultValue={undefined}
  id="item1"
  name="item-1"
  onChange={[Function bound _onInputChange]}
  onFocus={[Function bound _onFocus]}
  placeholder={undefined}
  value="one" />
`;
